22:52:22 **** Incremental Build of configuration Debug for project Tp_SpiAds1293 ****
make -j12 all 
arm-none-eabi-gcc "../Drivers/API/Src/API_SPI.c" -mcpu=cortex-m4 -std=gnu11 -g3 -DDEBUG -DSTM32 -DSTM32F429ZITx -DSTM32F4 -DNUCLEO_F429ZI -DUSE_HAL_DRIVER -DSTM32F429xx -c -I../Inc -I"C:/Hans/UBA/Prog uC/PdM_workspace/Tp_SpiAds1293/Drivers/STM32F4xx_HAL_Driver/Inc" -I"C:/Hans/UBA/Prog uC/PdM_workspace/Tp_SpiAds1293/Drivers/CMSIS/Include" -I"C:/Hans/UBA/Prog uC/PdM_workspace/Tp_SpiAds1293/Drivers/CMSIS/Device/ST/STM32F4xx/Include" -I"C:/Hans/UBA/Prog uC/PdM_workspace/Tp_SpiAds1293/Drivers/BSP/STM32F4xx_Nucleo_144" -I"C:/Hans/UBA/Prog uC/PdM_workspace/Tp_SpiAds1293/Drivers/Core/Inc" -I"C:/Hans/UBA/Prog uC/PdM_workspace/Tp_SpiAds1293/Drivers/API/Inc" -O0 -ffunction-sections -fdata-sections -Wall -fstack-usage -MMD -MP -MF"Drivers/API/Src/API_SPI.d" -MT"Drivers/API/Src/API_SPI.o" --specs=nano.specs -mfpu=fpv4-sp-d16 -mfloat-abi=hard -mthumb -o "Drivers/API/Src/API_SPI.o"
arm-none-eabi-gcc -o "Tp_SpiAds1293.elf" @"objects.list"   -mcpu=cortex-m4 -T"C:\Hans\UBA\Prog uC\PdM_workspace\Tp_SpiAds1293\STM32F429ZITX_FLASH.ld" --specs=nosys.specs -Wl,-Map="Tp_SpiAds1293.map" -Wl,--gc-sections -static --specs=nano.specs -mfpu=fpv4-sp-d16 -mfloat-abi=hard -mthumb -Wl,--start-group -lc -lm -Wl,--end-group
Finished building target: Tp_SpiAds1293.elf
 
arm-none-eabi-size   Tp_SpiAds1293.elf 
arm-none-eabi-objdump -h -S  Tp_SpiAds1293.elf  > "Tp_SpiAds1293.list"
arm-none-eabi-objcopy  -O binary  Tp_SpiAds1293.elf  "Tp_SpiAds1293.bin"
   text	   data	    bss	    dec	    hex	filename
  13316	     68	   1740	  15124	   3b14	Tp_SpiAds1293.elf
Finished building: default.size.stdout
 
Finished building: Tp_SpiAds1293.bin
 
Finished building: Tp_SpiAds1293.list
 
22:52:30 **** Incremental Build of configuration Debug for project Tp_SpiAds1293 ****
make -j12 all 
arm-none-eabi-size   Tp_SpiAds1293.elf 
   text	   data	    bss	    dec	    hex	filename
  13316	     68	   1740	  15124	   3b14	Tp_SpiAds1293.elf
Finished building: default.size.stdout
 
23:01:34 **** Incremental Build of configuration Debug for project Tp_SpiAds1293 ****
make -j12 all 
arm-none-eabi-gcc "../Drivers/API/Src/API_SPI.c" -mcpu=cortex-m4 -std=gnu11 -g3 -DDEBUG -DSTM32 -DSTM32F429ZITx -DSTM32F4 -DNUCLEO_F429ZI -DUSE_HAL_DRIVER -DSTM32F429xx -c -I../Inc -I"C:/Hans/UBA/Prog uC/PdM_workspace/Tp_SpiAds1293/Drivers/STM32F4xx_HAL_Driver/Inc" -I"C:/Hans/UBA/Prog uC/PdM_workspace/Tp_SpiAds1293/Drivers/CMSIS/Include" -I"C:/Hans/UBA/Prog uC/PdM_workspace/Tp_SpiAds1293/Drivers/CMSIS/Device/ST/STM32F4xx/Include" -I"C:/Hans/UBA/Prog uC/PdM_workspace/Tp_SpiAds1293/Drivers/BSP/STM32F4xx_Nucleo_144" -I"C:/Hans/UBA/Prog uC/PdM_workspace/Tp_SpiAds1293/Drivers/Core/Inc" -I"C:/Hans/UBA/Prog uC/PdM_workspace/Tp_SpiAds1293/Drivers/API/Inc" -O0 -ffunction-sections -fdata-sections -Wall -fstack-usage -MMD -MP -MF"Drivers/API/Src/API_SPI.d" -MT"Drivers/API/Src/API_SPI.o" --specs=nano.specs -mfpu=fpv4-sp-d16 -mfloat-abi=hard -mthumb -o "Drivers/API/Src/API_SPI.o"
arm-none-eabi-gcc -o "Tp_SpiAds1293.elf" @"objects.list"   -mcpu=cortex-m4 -T"C:\Hans\UBA\Prog uC\PdM_workspace\Tp_SpiAds1293\STM32F429ZITX_FLASH.ld" --specs=nosys.specs -Wl,-Map="Tp_SpiAds1293.map" -Wl,--gc-sections -static --specs=nano.specs -mfpu=fpv4-sp-d16 -mfloat-abi=hard -mthumb -Wl,--start-group -lc -lm -Wl,--end-group
Finished building target: Tp_SpiAds1293.elf
 
arm-none-eabi-size   Tp_SpiAds1293.elf 
arm-none-eabi-objdump -h -S  Tp_SpiAds1293.elf  > "Tp_SpiAds1293.list"
arm-none-eabi-objcopy  -O binary  Tp_SpiAds1293.elf  "Tp_SpiAds1293.bin"
   text	   data	    bss	    dec	    hex	filename
  13316	     68	   1740	  15124	   3b14	Tp_SpiAds1293.elf
Finished building: default.size.stdout
 
Finished building: Tp_SpiAds1293.bin
 
Finished building: Tp_SpiAds1293.list
 
23:05:53 **** Incremental Build of configuration Debug for project Tp_SpiAds1293 ****
make -j12 all 
arm-none-eabi-gcc "../Drivers/API/Src/API_SPI.c" -mcpu=cortex-m4 -std=gnu11 -g3 -DDEBUG -DSTM32 -DSTM32F429ZITx -DSTM32F4 -DNUCLEO_F429ZI -DUSE_HAL_DRIVER -DSTM32F429xx -c -I../Inc -I"C:/Hans/UBA/Prog uC/PdM_workspace/Tp_SpiAds1293/Drivers/STM32F4xx_HAL_Driver/Inc" -I"C:/Hans/UBA/Prog uC/PdM_workspace/Tp_SpiAds1293/Drivers/CMSIS/Include" -I"C:/Hans/UBA/Prog uC/PdM_workspace/Tp_SpiAds1293/Drivers/CMSIS/Device/ST/STM32F4xx/Include" -I"C:/Hans/UBA/Prog uC/PdM_workspace/Tp_SpiAds1293/Drivers/BSP/STM32F4xx_Nucleo_144" -I"C:/Hans/UBA/Prog uC/PdM_workspace/Tp_SpiAds1293/Drivers/Core/Inc" -I"C:/Hans/UBA/Prog uC/PdM_workspace/Tp_SpiAds1293/Drivers/API/Inc" -O0 -ffunction-sections -fdata-sections -Wall -fstack-usage -MMD -MP -MF"Drivers/API/Src/API_SPI.d" -MT"Drivers/API/Src/API_SPI.o" --specs=nano.specs -mfpu=fpv4-sp-d16 -mfloat-abi=hard -mthumb -o "Drivers/API/Src/API_SPI.o"
arm-none-eabi-gcc -o "Tp_SpiAds1293.elf" @"objects.list"   -mcpu=cortex-m4 -T"C:\Hans\UBA\Prog uC\PdM_workspace\Tp_SpiAds1293\STM32F429ZITX_FLASH.ld" --specs=nosys.specs -Wl,-Map="Tp_SpiAds1293.map" -Wl,--gc-sections -static --specs=nano.specs -mfpu=fpv4-sp-d16 -mfloat-abi=hard -mthumb -Wl,--start-group -lc -lm -Wl,--end-group
Finished building target: Tp_SpiAds1293.elf
 
arm-none-eabi-size   Tp_SpiAds1293.elf 
arm-none-eabi-objdump -h -S  Tp_SpiAds1293.elf  > "Tp_SpiAds1293.list"
arm-none-eabi-objcopy  -O binary  Tp_SpiAds1293.elf  "Tp_SpiAds1293.bin"
   text	   data	    bss	    dec	    hex	filename
  13316	     68	   1740	  15124	   3b14	Tp_SpiAds1293.elf
Finished building: default.size.stdout
 
Finished building: Tp_SpiAds1293.bin
 
Finished building: Tp_SpiAds1293.list
 
