14:51:11 **** Build of configuration Debug for project Practica 2 ****
make -j12 all 
arm-none-eabi-gcc "../Src/main.c" -mcpu=cortex-m4 -std=gnu11 -g3 -DDEBUG -DSTM32 -DSTM32F429ZITx -DSTM32F4 -DNUCLEO_F429ZI -DUSE_HAL_DRIVER -DSTM32F429xx -c -I../Inc -I"C:/Hans/UBA/Prog uC/PdM_workspace/Practica 2/Drivers/STM32F4xx_HAL_Driver/Inc" -I"C:/Hans/UBA/Prog uC/PdM_workspace/Practica 2/Drivers/CMSIS/Include" -I"C:/Hans/UBA/Prog uC/PdM_workspace/Practica 2/Drivers/CMSIS/Device/ST/STM32F4xx/Include" -I"C:/Hans/UBA/Prog uC/PdM_workspace/Practica 2/Drivers/BSP/STM32F4xx_Nucleo_144" -I"C:/Hans/UBA/Prog uC/PdM_workspace/Practica 2/Drivers/Core/Inc" -O0 -ffunction-sections -fdata-sections -Wall -fstack-usage -MMD -MP -MF"Src/main.d" -MT"Src/main.o" --specs=nano.specs -mfpu=fpv4-sp-d16 -mfloat-abi=hard -mthumb -o "Src/main.o"
arm-none-eabi-gcc -o "Practica 2.elf" @"objects.list"   -mcpu=cortex-m4 -T"C:\Hans\UBA\Prog uC\PdM_workspace\Practica 2\STM32F429ZITX_FLASH.ld" --specs=nosys.specs -Wl,-Map="Practica 2.map" -Wl,--gc-sections -static --specs=nano.specs -mfpu=fpv4-sp-d16 -mfloat-abi=hard -mthumb -Wl,--start-group -lc -lm -Wl,--end-group
Finished building target: Practica 2.elf
 
arm-none-eabi-size   Practica\ 2.elf 
arm-none-eabi-objdump -h -S  Practica\ 2.elf  > "Practica 2.list"
arm-none-eabi-objcopy  -O binary  Practica\ 2.elf  "Practica 2.bin"
   text	   data	    bss	    dec	    hex	filename
   6388	     32	   1672	   8092	   1f9c	Practica 2.elf
Finished building: default.size.stdout
 
Finished building: Practica 2.bin
 
Finished building: Practica 2.list
 

14:51:14 Build Finished. 0 errors, 0 warnings. (took 2s.321ms)

