13:07:34 **** Incremental Build of configuration Debug for project Practica 4 ****
make -j12 all 
arm-none-eabi-gcc "../Src/main.c" -mcpu=cortex-m4 -std=gnu11 -g3 -DDEBUG -DSTM32 -DSTM32F429ZITx -DSTM32F4 -DNUCLEO_F429ZI -DUSE_HAL_DRIVER -DSTM32F429xx -c -I../Inc -I"C:/Hans/UBA/Prog uC/PdM_workspace/Practica 4/Drivers/STM32F4xx_HAL_Driver/Inc" -I"C:/Hans/UBA/Prog uC/PdM_workspace/Practica 4/Drivers/CMSIS/Include" -I"C:/Hans/UBA/Prog uC/PdM_workspace/Practica 4/Drivers/CMSIS/Device/ST/STM32F4xx/Include" -I"C:/Hans/UBA/Prog uC/PdM_workspace/Practica 4/Drivers/BSP/STM32F4xx_Nucleo_144" -I"C:/Hans/UBA/Prog uC/PdM_workspace/Practica 4/Drivers/Core/Inc" -I"C:/Hans/UBA/Prog uC/PdM_workspace/Practica 4/Drivers/API/Inc" -O0 -ffunction-sections -fdata-sections -Wall -fstack-usage -MMD -MP -MF"Src/main.d" -MT"Src/main.o" --specs=nano.specs -mfpu=fpv4-sp-d16 -mfloat-abi=hard -mthumb -o "Src/main.o"
arm-none-eabi-gcc -o "Practica 4.elf" @"objects.list"   -mcpu=cortex-m4 -T"C:\Hans\UBA\Prog uC\PdM_workspace\Practica 4\STM32F429ZITX_FLASH.ld" --specs=nosys.specs -Wl,-Map="Practica 4.map" -Wl,--gc-sections -static --specs=nano.specs -mfpu=fpv4-sp-d16 -mfloat-abi=hard -mthumb -Wl,--start-group -lc -lm -Wl,--end-group
Finished building target: Practica 4.elf
 
arm-none-eabi-size   Practica\ 4.elf 
arm-none-eabi-objdump -h -S  Practica\ 4.elf  > "Practica 4.list"
arm-none-eabi-objcopy  -O binary  Practica\ 4.elf  "Practica 4.bin"
   text	   data	    bss	    dec	    hex	filename
   7056	     36	   1652	   8744	   2228	Practica 4.elf
Finished building: default.size.stdout
 
Finished building: Practica 4.bin
 
Finished building: Practica 4.list
 

13:07:35 Build Finished. 0 errors, 0 warnings. (took 1s.171ms)

